---
source: bench/tests/plans/bsbm_explore.rs
expression: "&explanation.initial_logical_plan.to_string()"
---
Limit: skip=0, fetch=20
  Projection: title, text, reviewDate, reviewer, reviewerName, rating1, rating2, rating3, rating4
    Sort: AS_SORTABLE_BYTES(ENC_TF(reviewDate)) DESC NULLS FIRST
      DecodeObjectIds: columns=[rating1, rating2, rating3, rating4, review, reviewDate, reviewer, reviewerName, title]
        Filter: EBV(LANGMATCHES(ENC_TF(LANG(text)), ENC_TF(Struct({term_type:2,value:EN,data_type:http://www.w3.org/2001/XMLSchema#string,language_tag:}))))
          DecodeObjectIds: columns=[text]
            SparqlJoin: Left 
              SparqlJoin: Left 
                SparqlJoin: Left 
                  SparqlJoin: Left 
                    BasicGraphPattern: 
                      QuadPattern: triple_pattern=[?review <http://www4.wiwiss.fu-berlin.de/bizer/bsbm/v01/vocabulary/reviewFor> <http://www4.wiwiss.fu-berlin.de/bizer/bsbm/v01/instances/dataFromProducer12/Product578>]
                      QuadPattern: triple_pattern=[?review <http://purl.org/dc/elements/1.1/title> ?title]
                      QuadPattern: triple_pattern=[?review <http://purl.org/stuff/rev#text> ?text]
                      QuadPattern: triple_pattern=[?review <http://www4.wiwiss.fu-berlin.de/bizer/bsbm/v01/vocabulary/reviewDate> ?reviewDate]
                      QuadPattern: triple_pattern=[?review <http://purl.org/stuff/rev#reviewer> ?reviewer]
                      QuadPattern: triple_pattern=[?reviewer <http://xmlns.com/foaf/0.1/name> ?reviewerName]
                    QuadPattern: triple_pattern=[?review <http://www4.wiwiss.fu-berlin.de/bizer/bsbm/v01/vocabulary/rating1> ?rating1]
                  QuadPattern: triple_pattern=[?review <http://www4.wiwiss.fu-berlin.de/bizer/bsbm/v01/vocabulary/rating2> ?rating2]
                QuadPattern: triple_pattern=[?review <http://www4.wiwiss.fu-berlin.de/bizer/bsbm/v01/vocabulary/rating3> ?rating3]
              QuadPattern: triple_pattern=[?review <http://www4.wiwiss.fu-berlin.de/bizer/bsbm/v01/vocabulary/rating4> ?rating4]
