---
source: bench/tests/plans/bsbm_explore.rs
expression: "&explanation.initial_logical_plan.to_string()"
---
DecodeObjectIds: columns=[offer, price, productLabel, rating1, rating2, revName, revTitle, review, reviewer, vendor, vendorTitle]
  Projection: productLabel, offer, price, vendor, vendorTitle, review, revTitle, reviewer, revName, rating1, rating2
    SparqlJoin: Left 
      SparqlJoin: Left EBV(GT(ENC_TF(date), ENC_TF(Struct({term_type:2,value:2008-06-20T00:00:00,data_type:http://www.w3.org/2001/XMLSchema#dateTime,language_tag:}))))
        QuadPattern: triple_pattern=[<http://www4.wiwiss.fu-berlin.de/bizer/bsbm/v01/instances/dataFromProducer17/Product801> <http://www.w3.org/2000/01/rdf-schema#label> ?productLabel]
        DecodeObjectIds: columns=[date]
          BasicGraphPattern: 
            QuadPattern: triple_pattern=[?offer <http://www4.wiwiss.fu-berlin.de/bizer/bsbm/v01/vocabulary/product> <http://www4.wiwiss.fu-berlin.de/bizer/bsbm/v01/instances/dataFromProducer17/Product801>]
            QuadPattern: triple_pattern=[?offer <http://www4.wiwiss.fu-berlin.de/bizer/bsbm/v01/vocabulary/price> ?price]
            QuadPattern: triple_pattern=[?offer <http://www4.wiwiss.fu-berlin.de/bizer/bsbm/v01/vocabulary/vendor> ?vendor]
            QuadPattern: triple_pattern=[?vendor <http://www.w3.org/2000/01/rdf-schema#label> ?vendorTitle]
            QuadPattern: triple_pattern=[?vendor <http://www4.wiwiss.fu-berlin.de/bizer/bsbm/v01/vocabulary/country> <http://downlode.org/rdf/iso-3166/countries#DE>]
            QuadPattern: triple_pattern=[?offer <http://purl.org/dc/elements/1.1/publisher> ?vendor]
            QuadPattern: triple_pattern=[?offer <http://www4.wiwiss.fu-berlin.de/bizer/bsbm/v01/vocabulary/validTo> ?date]
      SparqlJoin: Left 
        SparqlJoin: Left 
          BasicGraphPattern: 
            QuadPattern: triple_pattern=[?review <http://www4.wiwiss.fu-berlin.de/bizer/bsbm/v01/vocabulary/reviewFor> <http://www4.wiwiss.fu-berlin.de/bizer/bsbm/v01/instances/dataFromProducer17/Product801>]
            QuadPattern: triple_pattern=[?review <http://purl.org/stuff/rev#reviewer> ?reviewer]
            QuadPattern: triple_pattern=[?reviewer <http://xmlns.com/foaf/0.1/name> ?revName]
            QuadPattern: triple_pattern=[?review <http://purl.org/dc/elements/1.1/title> ?revTitle]
          QuadPattern: triple_pattern=[?review <http://www4.wiwiss.fu-berlin.de/bizer/bsbm/v01/vocabulary/rating1> ?rating1]
        QuadPattern: triple_pattern=[?review <http://www4.wiwiss.fu-berlin.de/bizer/bsbm/v01/vocabulary/rating2> ?rating2]
