---
source: testsuite/tests/store_tests/parser/mod.rs
expression: snapshot
---
DELETE INSERT
    DELETE:
        ?a <http://xmlns.com/foaf/0.1/knows> ?b

QuadPattern: triple_pattern=[?a <http://xmlns.com/foaf/0.1/knows> ?b]

DELETE INSERT
    INSERT:
        ?b <http://xmlns.com/foaf/0.1/knows> ?a

QuadPattern: triple_pattern=[?a <http://xmlns.com/foaf/0.1/knows> ?b]
