---
source: testsuite/tests/store_tests/parser/mod.rs
expression: snapshot
---
DELETE INSERT
    INSERT:
        GRAPH <http://example.org/g1> { _:b <http://example.org/p> <http://example.org/o> }

QuadPattern: triple_pattern=[?X <http://example.org/p> <http://example.org/o>]

DELETE INSERT
    INSERT:
        GRAPH <http://example.org/g2> { _:b <http://example.org/p> <http://example.org/o> }

QuadPattern: triple_pattern=[?X <http://example.org/q> <http://example.org/r>]

DELETE INSERT
    INSERT:
        GRAPH <http://example.org/g2> { ?S ?P ?O }

QuadPattern: triple_pattern=[?S ?P ?O], active_graph: Union of [NamedNode(NamedNode { iri: "http://example.org/g1" })] 

DELETE INSERT
    INSERT:
        GRAPH <http://example.org/g3> { <http://example.org/s> <http://example.org/p> ?count }

Projection: ENC_PT(count) AS count
  Projection: count
    Extend: variable=?count, expression=<guid>
      Aggregate: groupBy=[[]], aggr=[[COUNT(Struct({term_type:2,value:1,data_type:http://www.w3.org/2001/XMLSchema#integer,language_tag:})) AS <guid>]]
        QuadPattern: triple_pattern=[?s ?p ?o], active_graph: Union of [NamedNode(NamedNode { iri: "http://example.org/g2" })] 

DROP(graph=GRAPH <http://example.org/g1>, silent=false)

DROP(graph=GRAPH <http://example.org/g2>, silent=false)
