---
source: testsuite/tests/store_tests/parser/mod.rs
expression: snapshot
---
INSERT DATA
+-------+-----------------------------------------------------------------------------+-----------------------------------------------------------------------------+-----------------------------------------------------------------------------+
| graph | subject                                                                     | predicate                                                                   | object                                                                      |
+-------+-----------------------------------------------------------------------------+-----------------------------------------------------------------------------+-----------------------------------------------------------------------------+
|       | {term_type: 0, value: http://example.org/ns#s, data_type: , language_tag: } | {term_type: 0, value: http://example.org/ns#p, data_type: , language_tag: } | {term_type: 0, value: http://example.org/ns#o, data_type: , language_tag: } |
+-------+-----------------------------------------------------------------------------+-----------------------------------------------------------------------------+-----------------------------------------------------------------------------+
