---
source: testsuite/tests/parser/mod.rs
expression: error_string
---
error: Blank node label _:who is used across different basic graph patterns
   ┌─ :11:7
   │
 7 │ ASK { _:who foaf:homepage ?homepage 
   │       ----- Blank node label _:who previously used here
   ·
11 │       _:who foaf:schoolHomepage ?schoolPage }
   │       ^^^^^ Blank node label _:who used here
