---
source: testsuite/tests/parser/mod.rs
expression: error_string
---
error: invalid triple pattern termination
  ┌─ :4:14
  │
4 │   _:az:b <p> <q> .
  │              ^^^
  │              │
  │              expected `.` (or `}`), found `<q>`
  │              triple patterns must be separated by `.` or continued with `;`
