---
source: testsuite/tests/parser/mod.rs
expression: error_string
---
error: Variable ?o1 is already used in the group graph pattern
  ┌─ :8:20
  │
6 │     :s :q ?o1 .
  │           --- Variable ?o1 previously used here
7 │     }
8 │     BIND((1+?o) AS ?o1)
  │                    ^^^ Variable ?o1 used here
