---
source: testsuite/tests/store_tests/parser/mod.rs
expression: error_string
---
error at 3:1: expected one of "$", "(", ":", "<", "?", ABS, AVG, DAY, IRI, MAX, MD5, MIN, NOT, NOW, STR, SUM, The SELECT contains a variable that is unbound, URI, ['A' ..= 'Z' | 'a' ..= 'z' | '\u{00C0}'..='\u{00D6}' | '\u{00D8}'..='\u{00F6}'
| '\u{00F8}'..='\u{02FF}' | '\u{0370}'..='\u{037D}' | '\u{037F}'..='\u{1FFF}'
| '\u{200C}'..='\u{200D}' | '\u{2070}'..='\u{218F}' | '\u{2C00}'..='\u{2FEF}'
| '\u{3001}'..='\u{D7FF}' | '\u{F900}'..='\u{FDCF}' | '\u{FDF0}'..='\u{FFFD}'], [_]
