---
source: bench/tests/plans/bsbm_explore.rs
expression: "&string"
---
ProjectionExec: expr=[ENC_PT(first_value(product) ORDER BY [AS_SORTABLE_BYTES(ENC_TF(ENC_PT(label))) ASC NULLS FIRST, product ASC NULLS FIRST]@2) as product, ENC_PT(first_value(label) ORDER BY [AS_SORTABLE_BYTES(ENC_TF(ENC_PT(label))) ASC NULLS FIRST, product ASC NULLS FIRST]@3) as label]
  SortExec: TopK(fetch=10), expr=[AS_SORTABLE_BYTES(ENC_TF(ENC_PT(label)))@0 ASC, product@1 ASC], preserve_partitioning=[false], sort_prefix=[AS_SORTABLE_BYTES(ENC_TF(ENC_PT(label)))@0 ASC]
    AggregateExec: mode=Single, gby=[__common_expr_1@0 as AS_SORTABLE_BYTES(ENC_TF(ENC_PT(label))), product@1 as product], aggr=[first_value(product) ORDER BY [AS_SORTABLE_BYTES(ENC_TF(ENC_PT(label))) ASC NULLS FIRST, product ASC NULLS FIRST], first_value(label) ORDER BY [AS_SORTABLE_BYTES(ENC_TF(ENC_PT(label))) ASC NULLS FIRST, product ASC NULLS FIRST]], ordering_mode=PartiallySorted([0])
      ProjectionExec: expr=[AS_SORTABLE_BYTES(ENC_TF(ENC_PT(label@1))) as __common_expr_1, product@0 as product, label@1 as label]
        SortExec: expr=[AS_SORTABLE_BYTES(ENC_TF(ENC_PT(label@1))) ASC], preserve_partitioning=[false]
          HashJoinExec: mode=CollectLeft, join_type=Inner, on=[(product@0, product@0)], projection=[product@0, label@1]
            HashJoinExec: mode=CollectLeft, join_type=Inner, on=[(product@0, product@0)], projection=[product@0, label@1]
              HashJoinExec: mode=CollectLeft, join_type=Inner, on=[(product@0, product@0)], projection=[product@0, label@1]
                HashJoinExec: mode=CollectLeft, join_type=Inner, on=[(product@0, product@0)], projection=[product@0, label@1]
                  DeltaQuadStorageScanExec: index=GPOS, active_graph=Default Graph, triple_pattern=[?product <http://www.w3.org/2000/01/rdf-schema#label> ?label], blank_node_mode=Variable
                  FilterExec: DynamicFilter [ empty ]
                    DeltaQuadStorageScanExec: index=GPOS, active_graph=Default Graph, triple_pattern=[?product <http://www.w3.org/1999/02/22-rdf-syntax-ns#type> <http://www4.wiwiss.fu-berlin.de/bizer/bsbm/v01/instances/ProductType66>], blank_node_mode=Variable, pushed_filters=[DynamicFilter [ empty ]]
                FilterExec: DynamicFilter [ empty ]
                  DeltaQuadStorageScanExec: index=GPOS, active_graph=Default Graph, triple_pattern=[?product <http://www4.wiwiss.fu-berlin.de/bizer/bsbm/v01/vocabulary/productFeature> <http://www4.wiwiss.fu-berlin.de/bizer/bsbm/v01/instances/ProductFeature3>], blank_node_mode=Variable, pushed_filters=[DynamicFilter [ empty ]]
              FilterExec: DynamicFilter [ empty ]
                DeltaQuadStorageScanExec: index=GPOS, active_graph=Default Graph, triple_pattern=[?product <http://www4.wiwiss.fu-berlin.de/bizer/bsbm/v01/vocabulary/productFeature> <http://www4.wiwiss.fu-berlin.de/bizer/bsbm/v01/instances/ProductFeature1967>], blank_node_mode=Variable, pushed_filters=[DynamicFilter [ empty ]]
            FilterExec: EBV(GT(ENC_TF(ENC_PT(value1@1)), 4:4:136)), projection=[product@0]
              FilterExec: DynamicFilter [ empty ]
                DeltaQuadStorageScanExec: index=GPOS, active_graph=Default Graph, triple_pattern=[?product <http://www4.wiwiss.fu-berlin.de/bizer/bsbm/v01/vocabulary/productPropertyNumeric1> ?value1], blank_node_mode=Variable, pushed_filters=[DynamicFilter [ empty ]]
