---
source: bench/tests/plans/bsbm_business_intelligence.rs
expression: "&string"
---
ProjectionExec: expr=[country@0 as country, ENC_PT(product@1) as product, ENC_PT(nrOfReviews@3) as nrOfReviews, ENC_PT(avgPrice@2) as avgPrice]
  SortExec: expr=[ENC_SORT(nrOfReviews@3) DESC, ENC_SORT(ENC_TF(country@0)) ASC, ENC_SORT(ENC_TF(ENC_PT(product@1))) ASC], preserve_partitioning=[false]
    HashJoinExec: mode=CollectLeft, join_type=Inner, on=[(country@0, country@0), (product@2, product@1)], filter=EBV(EQ(nrOfReviews@1, maxReviews@0)), projection=[country@0, product@2, avgPrice@3, nrOfReviews@6]
      NestedLoopJoinExec: join_type=Inner, filter=IS_COMPATIBLE(country@0, country@1), projection=[country@0, maxReviews@1, product@3, avgPrice@4]
        ProjectionExec: expr=[ENC_PT(country@0) as country, <uuid>@1 as maxReviews]
          AggregateExec: mode=Single, gby=[country@0 as country], aggr=[<uuid>]
            ProjectionExec: expr=[country@0 as country, INT64_AS_TERM(<uuid>@2) as nrOfReviews]
              AggregateExec: mode=Single, gby=[country@2 as country, product@0 as product], aggr=[<uuid>]
                HashJoinExec: mode=CollectLeft, join_type=Inner, on=[(reviewer@2, reviewer@0)], projection=[product@0, review@1, country@4]
                  HashJoinExec: mode=CollectLeft, join_type=Inner, on=[(review@1, review@0)], projection=[product@0, review@1, reviewer@3]
                    HashJoinExec: mode=CollectLeft, join_type=Inner, on=[(product@0, product@1)], projection=[product@0, review@1]
                      DataSourceExec: [GPOS] subject=?product, predicate=<http://www.w3.org/1999/02/22-rdf-syntax-ns#type>, object=<http://www4.wiwiss.fu-berlin.de/bizer/bsbm/v01/instances/ProductType111>
                      DataSourceExec: [GPOS] subject=?review, predicate=<http://www4.wiwiss.fu-berlin.de/bizer/bsbm/v01/vocabulary/reviewFor>, object=?product, additional_filters=[DynamicFilter [ Generation 2; product in (<object id range>) ]]
                    DataSourceExec: [GPOS] subject=?review, predicate=<http://purl.org/stuff/rev#reviewer>, object=?reviewer, additional_filters=[DynamicFilter [ Generation 2; review in (<object id range>) ]]
                  DataSourceExec: [GPOS] subject=?reviewer, predicate=<http://www4.wiwiss.fu-berlin.de/bizer/bsbm/v01/vocabulary/country>, object=?country, additional_filters=[DynamicFilter [ Generation 2; reviewer in (<object id range>) ]]
        ProjectionExec: expr=[NULL as country, product@0 as product, <uuid>@1 as avgPrice]
          AggregateExec: mode=Single, gby=[product@0 as product], aggr=[<uuid>]
            HashJoinExec: mode=CollectLeft, join_type=Inner, on=[(offer@1, offer@0)], projection=[product@0, price@3]
              HashJoinExec: mode=CollectLeft, join_type=Inner, on=[(product@0, product@1)], projection=[product@0, offer@1]
                DataSourceExec: [GPOS] subject=?product, predicate=<http://www.w3.org/1999/02/22-rdf-syntax-ns#type>, object=<http://www4.wiwiss.fu-berlin.de/bizer/bsbm/v01/instances/ProductType111>
                DataSourceExec: [GPOS] subject=?offer, predicate=<http://www4.wiwiss.fu-berlin.de/bizer/bsbm/v01/vocabulary/product>, object=?product, additional_filters=[DynamicFilter [ Generation 2; product in (<object id range>) ]]
              DataSourceExec: [GPOS] subject=?offer, predicate=<http://www4.wiwiss.fu-berlin.de/bizer/bsbm/v01/vocabulary/price>, object=?price, additional_filters=[DynamicFilter [ Generation 2; offer in (<object id range>) ]]
      ProjectionExec: expr=[ENC_PT(country@0) as country, product@1 as product, INT64_AS_TERM(<uuid>@2) as nrOfReviews]
        AggregateExec: mode=Single, gby=[country@2 as country, product@0 as product], aggr=[<uuid>]
          HashJoinExec: mode=CollectLeft, join_type=Inner, on=[(reviewer@2, reviewer@0)], projection=[product@0, review@1, country@4]
            HashJoinExec: mode=CollectLeft, join_type=Inner, on=[(review@1, review@0)], projection=[product@0, review@1, reviewer@3]
              HashJoinExec: mode=CollectLeft, join_type=Inner, on=[(product@0, product@1)], projection=[product@0, review@1]
                DataSourceExec: [GPOS] subject=?product, predicate=<http://www.w3.org/1999/02/22-rdf-syntax-ns#type>, object=<http://www4.wiwiss.fu-berlin.de/bizer/bsbm/v01/instances/ProductType111>
                DataSourceExec: [GPOS] subject=?review, predicate=<http://www4.wiwiss.fu-berlin.de/bizer/bsbm/v01/vocabulary/reviewFor>, object=?product, additional_filters=[DynamicFilter [ Generation 2; product in (<object id range>) ]]
              DataSourceExec: [GPOS] subject=?review, predicate=<http://purl.org/stuff/rev#reviewer>, object=?reviewer, additional_filters=[DynamicFilter [ Generation 2; review in (<object id range>) ]]
            DataSourceExec: [GPOS] subject=?reviewer, predicate=<http://www4.wiwiss.fu-berlin.de/bizer/bsbm/v01/vocabulary/country>, object=?country, additional_filters=[DynamicFilter [ Generation 2; reviewer in (<object id range>) ]]
