---
source: bench/tests/plans/wind_farm.rs
expression: "&string"
---
HashJoinExec: mode=CollectLeft, join_type=Inner, on=[(dp@10, dp@0)], projection=[site_label@1, wtur_label@3, t@13, val@11]
  HashJoinExec: mode=CollectLeft, join_type=Inner, on=[(dp@10, dp@0)], projection=[site@0, site_label@1, wtur_asp@2, wtur_label@3, wtur@4, gensys_asp@5, gensys@6, generator_asp@7, generator@8, ts@9, dp@10, val@12]
    HashJoinExec: mode=CollectLeft, join_type=Inner, on=[(ts@9, ts@0)], projection=[site@0, site_label@1, wtur_asp@2, wtur_label@3, wtur@4, gensys_asp@5, gensys@6, generator_asp@7, generator@8, ts@9, dp@11]
      HashJoinExec: mode=CollectLeft, join_type=Inner, on=[(ts@9, ts@0)], projection=[site@0, site_label@1, wtur_asp@2, wtur_label@3, wtur@4, gensys_asp@5, gensys@6, generator_asp@7, generator@8, ts@9]
        HashJoinExec: mode=CollectLeft, join_type=Inner, on=[(generator@8, generator@0)], projection=[site@0, site_label@1, wtur_asp@2, wtur_label@3, wtur@4, gensys_asp@5, gensys@6, generator_asp@7, generator@8, ts@10]
          HashJoinExec: mode=CollectLeft, join_type=Inner, on=[(generator@8, generator@0)], projection=[site@0, site_label@1, wtur_asp@2, wtur_label@3, wtur@4, gensys_asp@5, gensys@6, generator_asp@7, generator@8]
            HashJoinExec: mode=CollectLeft, join_type=Inner, on=[(generator_asp@7, generator_asp@1)], projection=[site@0, site_label@1, wtur_asp@2, wtur_label@3, wtur@4, gensys_asp@5, gensys@6, generator_asp@7, generator@8]
              HashJoinExec: mode=CollectLeft, join_type=Inner, on=[(gensys@6, gensys@0)], projection=[site@0, site_label@1, wtur_asp@2, wtur_label@3, wtur@4, gensys_asp@5, gensys@6, generator_asp@8]
                HashJoinExec: mode=CollectLeft, join_type=Inner, on=[(gensys@6, gensys@0)], projection=[site@0, site_label@1, wtur_asp@2, wtur_label@3, wtur@4, gensys_asp@5, gensys@6]
                  HashJoinExec: mode=CollectLeft, join_type=Inner, on=[(gensys_asp@5, gensys_asp@1)], projection=[site@0, site_label@1, wtur_asp@2, wtur_label@3, wtur@4, gensys_asp@5, gensys@6]
                    HashJoinExec: mode=CollectLeft, join_type=Inner, on=[(wtur@4, wtur@0)], projection=[site@0, site_label@1, wtur_asp@2, wtur_label@3, wtur@4, gensys_asp@5]
                      HashJoinExec: mode=CollectLeft, join_type=Inner, on=[(wtur@4, wtur@0)], projection=[site@0, site_label@1, wtur_asp@2, wtur_label@3, wtur@4, gensys_asp@6]
                        HashJoinExec: mode=CollectLeft, join_type=Inner, on=[(wtur_asp@2, wtur_asp@1)], projection=[site@0, site_label@1, wtur_asp@2, wtur_label@3, wtur@4]
                          HashJoinExec: mode=CollectLeft, join_type=Inner, on=[(wtur_asp@2, wtur_asp@0)], filter=(EBV(EQ(ENC_TF(wtur_label@4), 2:{value:A1,language:})) OR EBV(EQ(ENC_TF(wtur_label@4), 2:{value:A2,language:})) OR EBV(EQ(ENC_TF(wtur_label@4), 2:{value:A3,language:})) OR EBV(EQ(ENC_TF(wtur_label@4), 2:{value:A4,language:})) OR EBV(EQ(ENC_TF(wtur_label@4), 2:{value:A5,language:})) OR EBV(EQ(ENC_TF(wtur_label@4), 2:{value:A6,language:})) OR EBV(EQ(ENC_TF(wtur_label@4), 2:{value:A7,language:})) OR EBV(EQ(ENC_TF(wtur_label@4), 2:{value:A8,language:})) OR EBV(EQ(ENC_TF(wtur_label@4), 2:{value:A9,language:})) OR EBV(EQ(ENC_TF(wtur_label@4), 2:{value:A10,language:}))) AND EBV(EQ(ENC_TF(site_label@1), 2:{value:Wind Mountain,language:})), projection=[site@0, site_label@1, wtur_asp@2, wtur_label@4]
                            HashJoinExec: mode=CollectLeft, join_type=Inner, on=[(site@0, site@0)], projection=[site@0, site_label@1, wtur_asp@3]
                              HashJoinExec: mode=CollectLeft, join_type=Inner, on=[(site@0, site@0)], projection=[site@0, site_label@2]
                                DeltaQuadStorageScanExec: index=GPOS, active_graph=Default Graph, triple_pattern=[?site <http://www.w3.org/1999/02/22-rdf-syntax-ns#type> <https://github.com/magbak/chrontext/rds_power#Site>], blank_node_mode=Variable
                                FilterExec: DynamicFilter [ empty ]
                                  DeltaQuadStorageScanExec: index=GPOS, active_graph=Default Graph, triple_pattern=[?site <http://www.w3.org/2000/01/rdf-schema#label> ?site_label], blank_node_mode=Variable, pushed_filters=[DynamicFilter [ empty ]]
                              FilterExec: DynamicFilter [ empty ]
                                DeltaQuadStorageScanExec: index=GPOS, active_graph=Default Graph, triple_pattern=[?site <https://github.com/magbak/chrontext/rds_power#hasFunctionalAspect> ?wtur_asp], blank_node_mode=Variable, pushed_filters=[DynamicFilter [ empty ]]
                            FilterExec: DynamicFilter [ empty ]
                              DeltaQuadStorageScanExec: index=GPOS, active_graph=Default Graph, triple_pattern=[?wtur_asp <http://www.w3.org/2000/01/rdf-schema#label> ?wtur_label], blank_node_mode=Variable, pushed_filters=[DynamicFilter [ empty ]]
                          FilterExec: DynamicFilter [ empty ]
                            DeltaQuadStorageScanExec: index=GPOS, active_graph=Default Graph, triple_pattern=[?wtur <https://github.com/magbak/chrontext/rds_power#hasFunctionalAspectNode> ?wtur_asp], blank_node_mode=Variable, pushed_filters=[DynamicFilter [ empty ]]
                        FilterExec: DynamicFilter [ empty ]
                          DeltaQuadStorageScanExec: index=GPOS, active_graph=Default Graph, triple_pattern=[?wtur <https://github.com/magbak/chrontext/rds_power#hasFunctionalAspect> ?gensys_asp], blank_node_mode=Variable, pushed_filters=[DynamicFilter [ empty ]]
                      FilterExec: DynamicFilter [ empty ]
                        DeltaQuadStorageScanExec: index=GPOS, active_graph=Default Graph, triple_pattern=[?wtur <http://www.w3.org/1999/02/22-rdf-syntax-ns#type> <https://github.com/magbak/chrontext/rds_power#A>], blank_node_mode=Variable, pushed_filters=[DynamicFilter [ empty ]]
                    FilterExec: DynamicFilter [ empty ]
                      DeltaQuadStorageScanExec: index=GPOS, active_graph=Default Graph, triple_pattern=[?gensys <https://github.com/magbak/chrontext/rds_power#hasFunctionalAspectNode> ?gensys_asp], blank_node_mode=Variable, pushed_filters=[DynamicFilter [ empty ]]
                  FilterExec: DynamicFilter [ empty ]
                    DeltaQuadStorageScanExec: index=GPOS, active_graph=Default Graph, triple_pattern=[?gensys <http://www.w3.org/1999/02/22-rdf-syntax-ns#type> <https://github.com/magbak/chrontext/rds_power#RA>], blank_node_mode=Variable, pushed_filters=[DynamicFilter [ empty ]]
                FilterExec: DynamicFilter [ empty ]
                  DeltaQuadStorageScanExec: index=GPOS, active_graph=Default Graph, triple_pattern=[?gensys <https://github.com/magbak/chrontext/rds_power#hasFunctionalAspect> ?generator_asp], blank_node_mode=Variable, pushed_filters=[DynamicFilter [ empty ]]
              FilterExec: DynamicFilter [ empty ]
                DeltaQuadStorageScanExec: index=GPOS, active_graph=Default Graph, triple_pattern=[?generator <https://github.com/magbak/chrontext/rds_power#hasFunctionalAspectNode> ?generator_asp], blank_node_mode=Variable, pushed_filters=[DynamicFilter [ empty ]]
            FilterExec: DynamicFilter [ empty ]
              DeltaQuadStorageScanExec: index=GPOS, active_graph=Default Graph, triple_pattern=[?generator <http://www.w3.org/1999/02/22-rdf-syntax-ns#type> <https://github.com/magbak/chrontext/rds_power#GAA>], blank_node_mode=Variable, pushed_filters=[DynamicFilter [ empty ]]
          FilterExec: DynamicFilter [ empty ]
            DeltaQuadStorageScanExec: index=GPOS, active_graph=Default Graph, triple_pattern=[?generator <https://github.com/magbak/chrontext#hasTimeseries> ?ts], blank_node_mode=Variable, pushed_filters=[DynamicFilter [ empty ]]
        FilterExec: DynamicFilter [ empty ]
          DeltaQuadStorageScanExec: index=GPOS, active_graph=Default Graph, triple_pattern=[?ts <http://www.w3.org/2000/01/rdf-schema#label> "Production"], blank_node_mode=Variable, pushed_filters=[DynamicFilter [ empty ]]
      FilterExec: DynamicFilter [ empty ]
        DeltaQuadStorageScanExec: index=GPOS, active_graph=Default Graph, triple_pattern=[?ts <https://github.com/magbak/chrontext#hasDataPoint> ?dp], blank_node_mode=Variable, pushed_filters=[DynamicFilter [ empty ]]
    FilterExec: DynamicFilter [ empty ]
      DeltaQuadStorageScanExec: index=GPOS, active_graph=Default Graph, triple_pattern=[?dp <https://github.com/magbak/chrontext#hasValue> ?val], blank_node_mode=Variable, pushed_filters=[DynamicFilter [ empty ]]
  FilterExec: DynamicFilter [ empty ]
    DeltaQuadStorageScanExec: index=GPOS, active_graph=Default Graph, triple_pattern=[?dp <https://github.com/magbak/chrontext#hasTimestamp> ?t], blank_node_mode=Variable, pushed_filters=[DynamicFilter [ empty ]]
