---
source: bench/tests/plans/bsbm_explore.rs
expression: "&string"
---
ProjectionExec: expr=[first_value(product) ORDER BY [AS_SORTABLE_BYTES(ENC_TF(productLabel)) ASC NULLS FIRST, product ASC NULLS FIRST]@2 as product, first_value(productLabel) ORDER BY [AS_SORTABLE_BYTES(ENC_TF(productLabel)) ASC NULLS FIRST, product ASC NULLS FIRST]@3 as productLabel]
  SortExec: TopK(fetch=5), expr=[AS_SORTABLE_BYTES(ENC_TF(productLabel))@0 ASC, product@1 ASC], preserve_partitioning=[false], sort_prefix=[AS_SORTABLE_BYTES(ENC_TF(productLabel))@0 ASC]
    AggregateExec: mode=Single, gby=[__common_expr_1@0 as AS_SORTABLE_BYTES(ENC_TF(productLabel)), product@1 as product], aggr=[first_value(product) ORDER BY [AS_SORTABLE_BYTES(ENC_TF(productLabel)) ASC NULLS FIRST, product ASC NULLS FIRST], first_value(productLabel) ORDER BY [AS_SORTABLE_BYTES(ENC_TF(productLabel)) ASC NULLS FIRST, product ASC NULLS FIRST]], ordering_mode=PartiallySorted([0])
      ProjectionExec: expr=[AS_SORTABLE_BYTES(ENC_TF(productLabel@1)) as __common_expr_1, product@0 as product, productLabel@1 as productLabel]
        SortExec: expr=[AS_SORTABLE_BYTES(ENC_TF(productLabel@1)) ASC], preserve_partitioning=[false]
          ProjectionExec: expr=[product@0 as product, productLabel@1 as productLabel]
            DecodeObjectIdsExec: projections=[decode(product__oid) as product, decode(productLabel__oid) as productLabel, decode(simProperty1__oid) as simProperty1, decode(simProperty2__oid) as simProperty2, simProperty1, decode(origProperty1__oid) as origProperty1, origProperty1, simProperty2, decode(origProperty2__oid) as origProperty2, origProperty2]
              NestedLoopJoinExec: join_type=Inner, filter=EBV(LT(join_proj_push_down_5@0, join_proj_push_down_7@2)) AND EBV(GT(join_proj_push_down_6@1, join_proj_push_down_8@3)), projection=[product__oid@0, productLabel__oid@1, simProperty1__oid@2, simProperty2__oid@3, simProperty1@4, origProperty1__oid@5, origProperty1@6, simProperty2@7, origProperty2__oid@10, origProperty2@11]
                ProjectionExec: expr=[product__oid@0 as product__oid, productLabel__oid@1 as productLabel__oid, simProperty1__oid@2 as simProperty1__oid, simProperty2__oid@3 as simProperty2__oid, simProperty1@4 as simProperty1, origProperty1__oid@5 as origProperty1__oid, origProperty1@6 as origProperty1, simProperty2@7 as simProperty2, ENC_TF(simProperty2@7) as join_proj_push_down_5, ENC_TF(simProperty2@7) as join_proj_push_down_6]
                  DecodeObjectIdsExec: projections=[product__oid, productLabel__oid, simProperty1__oid, simProperty2__oid, simProperty1, origProperty1__oid, origProperty1, decode(simProperty2__oid) as simProperty2]
                    NestedLoopJoinExec: join_type=Inner, filter=EBV(LT(join_proj_push_down_1@0, join_proj_push_down_3@2)) AND EBV(GT(join_proj_push_down_2@1, join_proj_push_down_4@3)), projection=[product__oid@0, productLabel__oid@1, simProperty1__oid@2, simProperty2__oid@3, simProperty1@4, origProperty1__oid@7, origProperty1@8]
                      ProjectionExec: expr=[product__oid@0 as product__oid, productLabel__oid@1 as productLabel__oid, simProperty1__oid@2 as simProperty1__oid, simProperty2__oid@3 as simProperty2__oid, simProperty1@4 as simProperty1, ENC_TF(simProperty1@4) as join_proj_push_down_1, ENC_TF(simProperty1@4) as join_proj_push_down_2]
                        DecodeObjectIdsExec: projections=[product__oid, productLabel__oid, simProperty1__oid, simProperty2__oid, decode(simProperty1__oid) as simProperty1]
                          HashJoinExec: mode=CollectLeft, join_type=Inner, on=[(product__oid@0, product__oid@0)], projection=[product__oid@0, productLabel__oid@1, simProperty1__oid@2, simProperty2__oid@4]
                            HashJoinExec: mode=CollectLeft, join_type=Inner, on=[(product__oid@0, product__oid@0)], projection=[product__oid@0, productLabel__oid@1, simProperty1__oid@3]
                              HashJoinExec: mode=CollectLeft, join_type=Inner, on=[(prodFeature__oid@2, prodFeature__oid@0)], projection=[product__oid@0, productLabel__oid@1]
                                HashJoinExec: mode=CollectLeft, join_type=Inner, on=[(product__oid@0, product__oid@0)], projection=[product__oid@0, productLabel__oid@1, prodFeature__oid@3]
                                  ParquetQuadScanExec: active_graph=Default Graph, triple_pattern=[?product <http://www.w3.org/2000/01/rdf-schema#label> ?productLabel], blank_node_mode=Variable, file_groups={1 group: [[databases/bsbm-1000/GPOS/delta-parquet-file.zstd.parquet]]}, projection=[subject@1 as product__oid, object@3 as productLabel__oid], file_type=parquet, predicate=graph@0 IS NULL AND predicate@2 = 1610 AND subject@1 != 23114, pruning_predicate=graph_null_count@0 > 0 AND predicate_null_count@3 != row_count@4 AND predicate_min@1 <= 1610 AND 1610 <= predicate_max@2 AND subject_null_count@7 != row_count@4 AND (subject_min@5 != 23114 OR 23114 != subject_max@6), required_guarantees=[predicate in (1610), subject not in (23114)]
                                  ParquetQuadScanExec: active_graph=Default Graph, triple_pattern=[?product <http://www4.wiwiss.fu-berlin.de/bizer/bsbm/v01/vocabulary/productFeature> ?prodFeature], blank_node_mode=Variable, file_groups={1 group: [[databases/bsbm-1000/GPOS/delta-parquet-file.zstd.parquet]]}, projection=[subject@1 as product__oid, object@3 as prodFeature__oid], file_type=parquet, predicate=graph@0 IS NULL AND predicate@2 = 14913 AND DynamicFilter [ empty ], pruning_predicate=graph_null_count@0 > 0 AND predicate_null_count@3 != row_count@4 AND predicate_min@1 <= 14913 AND 14913 <= predicate_max@2, required_guarantees=[predicate in (14913)]
                                ParquetQuadScanExec: active_graph=Default Graph, triple_pattern=[<http://www4.wiwiss.fu-berlin.de/bizer/bsbm/v01/instances/dataFromProducer19/Product890> <http://www4.wiwiss.fu-berlin.de/bizer/bsbm/v01/vocabulary/productFeature> ?prodFeature], blank_node_mode=Variable, file_groups={1 group: [[databases/bsbm-1000/GSPO/delta-parquet-file.zstd.parquet]]}, projection=[object@3 as prodFeature__oid], file_type=parquet, predicate=graph@0 IS NULL AND subject@1 = 23114 AND predicate@2 = 14913 AND DynamicFilter [ empty ], pruning_predicate=graph_null_count@0 > 0 AND subject_null_count@3 != row_count@4 AND subject_min@1 <= 23114 AND 23114 <= subject_max@2 AND predicate_null_count@7 != row_count@4 AND predicate_min@5 <= 14913 AND 14913 <= predicate_max@6, required_guarantees=[predicate in (14913), subject in (23114)]
                              ParquetQuadScanExec: active_graph=Default Graph, triple_pattern=[?product <http://www4.wiwiss.fu-berlin.de/bizer/bsbm/v01/vocabulary/productPropertyNumeric1> ?simProperty1], blank_node_mode=Variable, file_groups={1 group: [[databases/bsbm-1000/GPOS/delta-parquet-file.zstd.parquet]]}, projection=[subject@1 as product__oid, object@3 as simProperty1__oid], file_type=parquet, predicate=graph@0 IS NULL AND predicate@2 = 14905 AND DynamicFilter [ empty ], pruning_predicate=graph_null_count@0 > 0 AND predicate_null_count@3 != row_count@4 AND predicate_min@1 <= 14905 AND 14905 <= predicate_max@2, required_guarantees=[predicate in (14905)]
                            ParquetQuadScanExec: active_graph=Default Graph, triple_pattern=[?product <http://www4.wiwiss.fu-berlin.de/bizer/bsbm/v01/vocabulary/productPropertyNumeric2> ?simProperty2], blank_node_mode=Variable, file_groups={1 group: [[databases/bsbm-1000/GPOS/delta-parquet-file.zstd.parquet]]}, projection=[subject@1 as product__oid, object@3 as simProperty2__oid], file_type=parquet, predicate=graph@0 IS NULL AND predicate@2 = 14906 AND DynamicFilter [ empty ], pruning_predicate=graph_null_count@0 > 0 AND predicate_null_count@3 != row_count@4 AND predicate_min@1 <= 14906 AND 14906 <= predicate_max@2, required_guarantees=[predicate in (14906)]
                      ProjectionExec: expr=[origProperty1__oid@0 as origProperty1__oid, origProperty1@1 as origProperty1, ADD(ENC_TF(origProperty1@1), 4:4:120) as join_proj_push_down_3, SUB(ENC_TF(origProperty1@1), 4:4:120) as join_proj_push_down_4]
                        DecodeObjectIdsExec: projections=[origProperty1__oid, decode(origProperty1__oid) as origProperty1]
                          ParquetQuadScanExec: active_graph=Default Graph, triple_pattern=[<http://www4.wiwiss.fu-berlin.de/bizer/bsbm/v01/instances/dataFromProducer19/Product890> <http://www4.wiwiss.fu-berlin.de/bizer/bsbm/v01/vocabulary/productPropertyNumeric1> ?origProperty1], blank_node_mode=Variable, file_groups={1 group: [[databases/bsbm-1000/GSPO/delta-parquet-file.zstd.parquet]]}, projection=[object@3 as origProperty1__oid], file_type=parquet, predicate=graph@0 IS NULL AND subject@1 = 23114 AND predicate@2 = 14905, pruning_predicate=graph_null_count@0 > 0 AND subject_null_count@3 != row_count@4 AND subject_min@1 <= 23114 AND 23114 <= subject_max@2 AND predicate_null_count@7 != row_count@4 AND predicate_min@5 <= 14905 AND 14905 <= predicate_max@6, required_guarantees=[predicate in (14905), subject in (23114)]
                ProjectionExec: expr=[origProperty2__oid@0 as origProperty2__oid, origProperty2@1 as origProperty2, ADD(ENC_TF(origProperty2@1), 4:4:170) as join_proj_push_down_7, SUB(ENC_TF(origProperty2@1), 4:4:170) as join_proj_push_down_8]
                  DecodeObjectIdsExec: projections=[origProperty2__oid, decode(origProperty2__oid) as origProperty2]
                    ParquetQuadScanExec: active_graph=Default Graph, triple_pattern=[<http://www4.wiwiss.fu-berlin.de/bizer/bsbm/v01/instances/dataFromProducer19/Product890> <http://www4.wiwiss.fu-berlin.de/bizer/bsbm/v01/vocabulary/productPropertyNumeric2> ?origProperty2], blank_node_mode=Variable, file_groups={1 group: [[databases/bsbm-1000/GSPO/delta-parquet-file.zstd.parquet]]}, projection=[object@3 as origProperty2__oid], file_type=parquet, predicate=graph@0 IS NULL AND subject@1 = 23114 AND predicate@2 = 14906, pruning_predicate=graph_null_count@0 > 0 AND subject_null_count@3 != row_count@4 AND subject_min@1 <= 23114 AND 23114 <= subject_max@2 AND predicate_null_count@7 != row_count@4 AND predicate_min@5 <= 14906 AND 14906 <= predicate_max@6, required_guarantees=[predicate in (14906), subject in (23114)]
