---
source: bench/tests/plans/bsbm_business_intelligence.rs
expression: "&string"
---
ProjectionExec: expr=[ENC_PT(feature@0) as feature, ENC_PT(priceRatio@3) as priceRatio]
  SortExec: TopK(fetch=10), expr=[ENC_SORT(DIV(withFeaturePrice@1, withoutFeaturePrice@2)) DESC, ENC_SORT(ENC_TF(ENC_PT(feature@0))) ASC], preserve_partitioning=[false]
    ProjectionExec: expr=[feature@0 as feature, withFeaturePrice@1 as withFeaturePrice, withoutFeaturePrice@2 as withoutFeaturePrice, DIV(withFeaturePrice@1, withoutFeaturePrice@2) as priceRatio]
      HashJoinExec: mode=CollectLeft, join_type=Inner, on=[(feature@0, feature@0)], projection=[feature@0, withFeaturePrice@1, withoutFeaturePrice@3]
        ProjectionExec: expr=[feature@0 as feature, <uuid>@1 as withFeaturePrice]
          AggregateExec: mode=Single, gby=[feature@0 as feature], aggr=[<uuid>]
            HashJoinExec: mode=CollectLeft, join_type=Inner, on=[(offer@1, offer@0)], projection=[feature@0, price@3]
              HashJoinExec: mode=CollectLeft, join_type=Inner, on=[(product@0, product@1)], projection=[feature@1, offer@2]
                HashJoinExec: mode=CollectLeft, join_type=Inner, on=[(product@0, product@0)], projection=[product@0, feature@2]
                  DeltaQuadStorageScanExec: index=GPOS, active_graph=Default Graph, triple_pattern=[?product <http://www.w3.org/1999/02/22-rdf-syntax-ns#type> <http://www4.wiwiss.fu-berlin.de/bizer/bsbm/v01/instances/ProductType48>], blank_node_mode=Variable
                  FilterExec: DynamicFilter [ empty ]
                    DeltaQuadStorageScanExec: index=GPOS, active_graph=Default Graph, triple_pattern=[?product <http://www4.wiwiss.fu-berlin.de/bizer/bsbm/v01/vocabulary/productFeature> ?feature], blank_node_mode=Variable, pushed_filters=[DynamicFilter [ empty ]]
                FilterExec: DynamicFilter [ empty ]
                  DeltaQuadStorageScanExec: index=GPOS, active_graph=Default Graph, triple_pattern=[?offer <http://www4.wiwiss.fu-berlin.de/bizer/bsbm/v01/vocabulary/product> ?product], blank_node_mode=Variable, pushed_filters=[DynamicFilter [ empty ]]
              FilterExec: DynamicFilter [ empty ]
                DeltaQuadStorageScanExec: index=GPOS, active_graph=Default Graph, triple_pattern=[?offer <http://www4.wiwiss.fu-berlin.de/bizer/bsbm/v01/vocabulary/price> ?price], blank_node_mode=Variable, pushed_filters=[DynamicFilter [ empty ]]
        ProjectionExec: expr=[feature@0 as feature, <uuid>@1 as withoutFeaturePrice]
          AggregateExec: mode=Single, gby=[feature@0 as feature], aggr=[<uuid>]
            HashJoinExec: mode=CollectLeft, join_type=LeftAnti, on=[(feature@0, __inner__feature@1), (product@1, __inner__product@0)], projection=[feature@0, price@2]
              CrossJoinExec
                AggregateExec: mode=Single, gby=[feature@0 as feature], aggr=[]
                  HashJoinExec: mode=CollectLeft, join_type=Inner, on=[(p@0, p@0)], projection=[feature@2]
                    DeltaQuadStorageScanExec: index=GPOS, active_graph=Default Graph, triple_pattern=[?p <http://www.w3.org/1999/02/22-rdf-syntax-ns#type> <http://www4.wiwiss.fu-berlin.de/bizer/bsbm/v01/instances/ProductType48>], blank_node_mode=Variable
                    FilterExec: DynamicFilter [ empty ]
                      DeltaQuadStorageScanExec: index=GPOS, active_graph=Default Graph, triple_pattern=[?p <http://www4.wiwiss.fu-berlin.de/bizer/bsbm/v01/vocabulary/productFeature> ?feature], blank_node_mode=Variable, pushed_filters=[DynamicFilter [ empty ]]
                HashJoinExec: mode=CollectLeft, join_type=Inner, on=[(offer@1, offer@0)], projection=[product@0, price@3]
                  HashJoinExec: mode=CollectLeft, join_type=Inner, on=[(product@0, product@1)], projection=[product@0, offer@1]
                    DeltaQuadStorageScanExec: index=GPOS, active_graph=Default Graph, triple_pattern=[?product <http://www.w3.org/1999/02/22-rdf-syntax-ns#type> <http://www4.wiwiss.fu-berlin.de/bizer/bsbm/v01/instances/ProductType48>], blank_node_mode=Variable
                    FilterExec: DynamicFilter [ empty ]
                      DeltaQuadStorageScanExec: index=GPOS, active_graph=Default Graph, triple_pattern=[?offer <http://www4.wiwiss.fu-berlin.de/bizer/bsbm/v01/vocabulary/product> ?product], blank_node_mode=Variable, pushed_filters=[DynamicFilter [ empty ]]
                  FilterExec: DynamicFilter [ empty ]
                    DeltaQuadStorageScanExec: index=GPOS, active_graph=Default Graph, triple_pattern=[?offer <http://www4.wiwiss.fu-berlin.de/bizer/bsbm/v01/vocabulary/price> ?price], blank_node_mode=Variable, pushed_filters=[DynamicFilter [ empty ]]
              DeltaQuadStorageScanExec: index=GPOS, active_graph=Default Graph, triple_pattern=[?product <http://www4.wiwiss.fu-berlin.de/bizer/bsbm/v01/vocabulary/productFeature> ?feature], blank_node_mode=Variable
