---
source: bench/tests/plans/bsbm_explore.rs
expression: "&string"
---
DecodeObjectIdsExec: projections=[productLabel -> productLabel, offer -> offer, price -> price, vendor -> vendor, vendorTitle -> vendorTitle, review -> review, revTitle -> revTitle, reviewer -> reviewer, revName -> revName, rating1 -> rating1, rating2 -> rating2]
  NestedLoopJoinExec: join_type=Left
    NestedLoopJoinExec: join_type=Left
      ParquetQuadScanExec: active_graph=Default Graph, triple_pattern=[<http://www4.wiwiss.fu-berlin.de/bizer/bsbm/v01/instances/dataFromProducer17/Product801> <http://www.w3.org/2000/01/rdf-schema#label> ?productLabel], blank_node_mode=Variable, file_groups={1 group: [[databases/bsbm-1000/GSPO/delta-parquet-file.zstd.parquet]]}, projection=[object@3 as productLabel], file_type=parquet, predicate=graph@0 IS NULL AND subject@1 = 21381 AND predicate@2 = 1610, pruning_predicate=graph_null_count@0 > 0 AND subject_null_count@3 != row_count@4 AND subject_min@1 <= 21381 AND 21381 <= subject_max@2 AND predicate_null_count@7 != row_count@4 AND predicate_min@5 <= 1610 AND 1610 <= predicate_max@6, required_guarantees=[predicate in (1610), subject in (21381)]
      ProjectionExec: expr=[offer__oid@0 as offer, price__oid@1 as price, vendor__oid@2 as vendor, vendorTitle__oid@3 as vendorTitle]
        FilterExec: EBV(GT(ENC_TF(date@4), 5:{date_time_type:0,value:63349516800.000000000000000000,offset:})), projection=[offer__oid@0, price__oid@1, vendor__oid@2, vendorTitle__oid@3]
          DecodeObjectIdsExec: projections=[offer__oid, price__oid, vendor__oid, vendorTitle__oid, date__oid -> date]
            HashJoinExec: mode=CollectLeft, join_type=Inner, on=[(offer__oid@0, offer__oid@0)], projection=[offer__oid@0, price__oid@1, vendor__oid@2, vendorTitle__oid@3, date__oid@5]
              HashJoinExec: mode=CollectLeft, join_type=Inner, on=[(offer__oid@0, offer__oid@0), (vendor__oid@2, vendor__oid@1)], projection=[offer__oid@0, price__oid@1, vendor__oid@2, vendorTitle__oid@3]
                HashJoinExec: mode=CollectLeft, join_type=Inner, on=[(vendor__oid@2, vendor__oid@0)], projection=[offer__oid@0, price__oid@1, vendor__oid@2, vendorTitle__oid@3]
                  HashJoinExec: mode=CollectLeft, join_type=Inner, on=[(vendor__oid@2, vendor__oid@0)], projection=[offer__oid@0, price__oid@1, vendor__oid@2, vendorTitle__oid@4]
                    HashJoinExec: mode=CollectLeft, join_type=Inner, on=[(offer__oid@0, offer__oid@0)], projection=[offer__oid@0, price__oid@1, vendor__oid@3]
                      HashJoinExec: mode=CollectLeft, join_type=Inner, on=[(offer__oid@0, offer__oid@0)], projection=[offer__oid@0, price__oid@2]
                        ParquetQuadScanExec: active_graph=Default Graph, triple_pattern=[?offer <http://www4.wiwiss.fu-berlin.de/bizer/bsbm/v01/vocabulary/product> <http://www4.wiwiss.fu-berlin.de/bizer/bsbm/v01/instances/dataFromProducer17/Product801>], blank_node_mode=Variable, file_groups={1 group: [[databases/bsbm-1000/GPOS/delta-parquet-file.zstd.parquet]]}, projection=[subject@1 as offer__oid], file_type=parquet, predicate=graph@0 IS NULL AND predicate@2 = 23401 AND object@3 = 21381, pruning_predicate=graph_null_count@0 > 0 AND predicate_null_count@3 != row_count@4 AND predicate_min@1 <= 23401 AND 23401 <= predicate_max@2 AND object_null_count@7 != row_count@4 AND object_min@5 <= 21381 AND 21381 <= object_max@6, required_guarantees=[object in (21381), predicate in (23401)]
                        ParquetQuadScanExec: active_graph=Default Graph, triple_pattern=[?offer <http://www4.wiwiss.fu-berlin.de/bizer/bsbm/v01/vocabulary/price> ?price], blank_node_mode=Variable, file_groups={1 group: [[databases/bsbm-1000/GPOS/delta-parquet-file.zstd.parquet]]}, projection=[subject@1 as offer__oid, object@3 as price__oid], file_type=parquet, predicate=graph@0 IS NULL AND predicate@2 = 23403 AND DynamicFilter [ empty ], pruning_predicate=graph_null_count@0 > 0 AND predicate_null_count@3 != row_count@4 AND predicate_min@1 <= 23403 AND 23403 <= predicate_max@2, required_guarantees=[predicate in (23403)]
                      ParquetQuadScanExec: active_graph=Default Graph, triple_pattern=[?offer <http://www4.wiwiss.fu-berlin.de/bizer/bsbm/v01/vocabulary/vendor> ?vendor], blank_node_mode=Variable, file_groups={1 group: [[databases/bsbm-1000/GPOS/delta-parquet-file.zstd.parquet]]}, projection=[subject@1 as offer__oid, object@3 as vendor__oid], file_type=parquet, predicate=graph@0 IS NULL AND predicate@2 = 23402 AND DynamicFilter [ empty ], pruning_predicate=graph_null_count@0 > 0 AND predicate_null_count@3 != row_count@4 AND predicate_min@1 <= 23402 AND 23402 <= predicate_max@2, required_guarantees=[predicate in (23402)]
                    ParquetQuadScanExec: active_graph=Default Graph, triple_pattern=[?vendor <http://www.w3.org/2000/01/rdf-schema#label> ?vendorTitle], blank_node_mode=Variable, file_groups={1 group: [[databases/bsbm-1000/GPOS/delta-parquet-file.zstd.parquet]]}, projection=[subject@1 as vendor__oid, object@3 as vendorTitle__oid], file_type=parquet, predicate=graph@0 IS NULL AND predicate@2 = 1610 AND DynamicFilter [ empty ], pruning_predicate=graph_null_count@0 > 0 AND predicate_null_count@3 != row_count@4 AND predicate_min@1 <= 1610 AND 1610 <= predicate_max@2, required_guarantees=[predicate in (1610)]
                  ParquetQuadScanExec: active_graph=Default Graph, triple_pattern=[?vendor <http://www4.wiwiss.fu-berlin.de/bizer/bsbm/v01/vocabulary/country> <http://downlode.org/rdf/iso-3166/countries#DE>], blank_node_mode=Variable, file_groups={1 group: [[databases/bsbm-1000/GPOS/delta-parquet-file.zstd.parquet]]}, projection=[subject@1 as vendor__oid], file_type=parquet, predicate=graph@0 IS NULL AND predicate@2 = 14903 AND object@3 = 14944 AND DynamicFilter [ empty ], pruning_predicate=graph_null_count@0 > 0 AND predicate_null_count@3 != row_count@4 AND predicate_min@1 <= 14903 AND 14903 <= predicate_max@2 AND object_null_count@7 != row_count@4 AND object_min@5 <= 14944 AND 14944 <= object_max@6, required_guarantees=[object in (14944), predicate in (14903)]
                ParquetQuadScanExec: active_graph=Default Graph, triple_pattern=[?offer <http://purl.org/dc/elements/1.1/publisher> ?vendor], blank_node_mode=Variable, file_groups={1 group: [[databases/bsbm-1000/GPOS/delta-parquet-file.zstd.parquet]]}, projection=[subject@1 as offer__oid, object@3 as vendor__oid], file_type=parquet, predicate=graph@0 IS NULL AND predicate@2 = 1612 AND DynamicFilter [ empty ], pruning_predicate=graph_null_count@0 > 0 AND predicate_null_count@3 != row_count@4 AND predicate_min@1 <= 1612 AND 1612 <= predicate_max@2, required_guarantees=[predicate in (1612)]
              ParquetQuadScanExec: active_graph=Default Graph, triple_pattern=[?offer <http://www4.wiwiss.fu-berlin.de/bizer/bsbm/v01/vocabulary/validTo> ?date], blank_node_mode=Variable, file_groups={1 group: [[databases/bsbm-1000/GPOS/delta-parquet-file.zstd.parquet]]}, projection=[subject@1 as offer__oid, object@3 as date__oid], file_type=parquet, predicate=graph@0 IS NULL AND predicate@2 = 23405 AND DynamicFilter [ empty ], pruning_predicate=graph_null_count@0 > 0 AND predicate_null_count@3 != row_count@4 AND predicate_min@1 <= 23405 AND 23405 <= predicate_max@2, required_guarantees=[predicate in (23405)]
    ProjectionExec: expr=[review@0 as review, revTitle@3 as revTitle, reviewer@1 as reviewer, revName@2 as revName, rating1@4 as rating1, rating2@5 as rating2]
      HashJoinExec: mode=CollectLeft, join_type=Left, on=[(review@0, review@0)], projection=[review@0, reviewer@1, revName@2, revTitle@3, rating1@4, rating2@6]
        HashJoinExec: mode=CollectLeft, join_type=Left, on=[(review@0, review@0)], projection=[review@0, reviewer@1, revName@2, revTitle@3, rating1@5]
          ProjectionExec: expr=[review__oid@0 as review, reviewer__oid@1 as reviewer, revName__oid@2 as revName, revTitle__oid@3 as revTitle]
            HashJoinExec: mode=CollectLeft, join_type=Inner, on=[(review__oid@0, review__oid@0)], projection=[review__oid@0, reviewer__oid@1, revName__oid@2, revTitle__oid@4]
              HashJoinExec: mode=CollectLeft, join_type=Inner, on=[(reviewer__oid@1, reviewer__oid@0)], projection=[review__oid@0, reviewer__oid@1, revName__oid@3]
                HashJoinExec: mode=CollectLeft, join_type=Inner, on=[(review__oid@0, review__oid@0)], projection=[review__oid@0, reviewer__oid@2]
                  ParquetQuadScanExec: active_graph=Default Graph, triple_pattern=[?review <http://www4.wiwiss.fu-berlin.de/bizer/bsbm/v01/vocabulary/reviewFor> <http://www4.wiwiss.fu-berlin.de/bizer/bsbm/v01/instances/dataFromProducer17/Product801>], blank_node_mode=Variable, file_groups={1 group: [[databases/bsbm-1000/GPOS/delta-parquet-file.zstd.parquet]]}, projection=[subject@1 as review__oid], file_type=parquet, predicate=graph@0 IS NULL AND predicate@2 = 84986 AND object@3 = 21381, pruning_predicate=graph_null_count@0 > 0 AND predicate_null_count@3 != row_count@4 AND predicate_min@1 <= 84986 AND 84986 <= predicate_max@2 AND object_null_count@7 != row_count@4 AND object_min@5 <= 21381 AND 21381 <= object_max@6, required_guarantees=[object in (21381), predicate in (84986)]
                  ParquetQuadScanExec: active_graph=Default Graph, triple_pattern=[?review <http://purl.org/stuff/rev#reviewer> ?reviewer], blank_node_mode=Variable, file_groups={1 group: [[databases/bsbm-1000/GPOS/delta-parquet-file.zstd.parquet]]}, projection=[subject@1 as review__oid, object@3 as reviewer__oid], file_type=parquet, predicate=graph@0 IS NULL AND predicate@2 = 84987 AND DynamicFilter [ empty ], pruning_predicate=graph_null_count@0 > 0 AND predicate_null_count@3 != row_count@4 AND predicate_min@1 <= 84987 AND 84987 <= predicate_max@2, required_guarantees=[predicate in (84987)]
                ParquetQuadScanExec: active_graph=Default Graph, triple_pattern=[?reviewer <http://xmlns.com/foaf/0.1/name> ?revName], blank_node_mode=Variable, file_groups={1 group: [[databases/bsbm-1000/GPOS/delta-parquet-file.zstd.parquet]]}, projection=[subject@1 as reviewer__oid, object@3 as revName__oid], file_type=parquet, predicate=graph@0 IS NULL AND predicate@2 = 84984 AND DynamicFilter [ empty ], pruning_predicate=graph_null_count@0 > 0 AND predicate_null_count@3 != row_count@4 AND predicate_min@1 <= 84984 AND 84984 <= predicate_max@2, required_guarantees=[predicate in (84984)]
              ParquetQuadScanExec: active_graph=Default Graph, triple_pattern=[?review <http://purl.org/dc/elements/1.1/title> ?revTitle], blank_node_mode=Variable, file_groups={1 group: [[databases/bsbm-1000/GPOS/delta-parquet-file.zstd.parquet]]}, projection=[subject@1 as review__oid, object@3 as revTitle__oid], file_type=parquet, predicate=graph@0 IS NULL AND predicate@2 = 84989 AND DynamicFilter [ empty ], pruning_predicate=graph_null_count@0 > 0 AND predicate_null_count@3 != row_count@4 AND predicate_min@1 <= 84989 AND 84989 <= predicate_max@2, required_guarantees=[predicate in (84989)]
          ParquetQuadScanExec: active_graph=Default Graph, triple_pattern=[?review <http://www4.wiwiss.fu-berlin.de/bizer/bsbm/v01/vocabulary/rating1> ?rating1], blank_node_mode=Variable, file_groups={1 group: [[databases/bsbm-1000/GPOS/delta-parquet-file.zstd.parquet]]}, projection=[subject@1 as review, object@3 as rating1], file_type=parquet, predicate=graph@0 IS NULL AND predicate@2 = 84993, pruning_predicate=graph_null_count@0 > 0 AND predicate_null_count@3 != row_count@4 AND predicate_min@1 <= 84993 AND 84993 <= predicate_max@2, required_guarantees=[predicate in (84993)]
        ParquetQuadScanExec: active_graph=Default Graph, triple_pattern=[?review <http://www4.wiwiss.fu-berlin.de/bizer/bsbm/v01/vocabulary/rating2> ?rating2], blank_node_mode=Variable, file_groups={1 group: [[databases/bsbm-1000/GPOS/delta-parquet-file.zstd.parquet]]}, projection=[subject@1 as review, object@3 as rating2], file_type=parquet, predicate=graph@0 IS NULL AND predicate@2 = 84991, pruning_predicate=graph_null_count@0 > 0 AND predicate_null_count@3 != row_count@4 AND predicate_min@1 <= 84991 AND 84991 <= predicate_max@2, required_guarantees=[predicate in (84991)]
