---
source: testsuite/tests/store_tests/parser/mod.rs
expression: snapshot
---
Variant: Select
Projection: v, v2, w
  SparqlJoin: Inner 
    QuadPattern: triple_pattern=[<http://example/x> <http://example/p> ?v]
    SparqlJoin: Left EBV(EQ(ENC_TF(Struct({term_type:,value:,data_type:,language_tag:})), ENC_TF(Struct({term_type:2,value:1,data_type:http://www.w3.org/2001/XMLSchema#integer,language_tag:}))))
      QuadPattern: triple_pattern=[<http://example/x> <http://example/q> ?w]
      QuadPattern: triple_pattern=[<http://example/x> <http://example/p> ?v2]
