---
source: testsuite/tests/store_tests/parser/mod.rs
expression: snapshot
---
Variant: Select
Projection: v, w, x, y
  SparqlJoin: Left EBV(BOOLEAN_AS_TERM(EBV(EQ(ENC_TF(v), ENC_TF(Struct({term_type:2,value:2,data_type:http://www.w3.org/2001/XMLSchema#integer,language_tag:})))) AND EBV(EQ(ENC_TF(w), ENC_TF(Struct({term_type:2,value:3,data_type:http://www.w3.org/2001/XMLSchema#integer,language_tag:}))))))
    QuadPattern: triple_pattern=[?x <http://example/p> ?v]
    QuadPattern: triple_pattern=[?y <http://example/q> ?w]
