---
source: testsuite/tests/store_tests/parser/mod.rs
expression: snapshot
---
Variant: Select
Projection:
  Filter: EBV(BOOLEAN_AS_TERM(EBV(BOOLEAN_AS_TERM(EBV(ENC_TF(<http://example.org/name>(ENC_TF(Struct({term_type:2,value:1,data_type:http://www.w3.org/2001/XMLSchema#integer,language_tag:}))))) AND EBV(ENC_TF(<http://example.org/name>(ENC_TF(Struct({term_type:2,value:1,data_type:http://www.w3.org/2001/XMLSchema#integer,language_tag:})), ENC_TF(Struct({term_type:2,value:2,data_type:http://www.w3.org/2001/XMLSchema#integer,language_tag:}))))))) AND EBV(ENC_TF(<http://example.org/name>(ENC_TF(Struct({term_type:2,value:1,data_type:http://www.w3.org/2001/XMLSchema#integer,language_tag:})), ENC_TF(Struct({term_type:2,value:2,data_type:http://www.w3.org/2001/XMLSchema#integer,language_tag:})))))))
    EmptyRelation: rows=1
