---
source: testsuite/tests/store_tests/parser/mod.rs
expression: snapshot
---
Variant: Select
Projection:
  QuadPattern: triple_pattern=[<https://w3c.github.io/rdf-tests/sparql/sparql10/syntax-sparql2/a> <https://w3c.github.io/rdf-tests/sparql/sparql10/syntax-sparql2/b> <https://w3c.github.io/rdf-tests/sparql/sparql10/syntax-sparql2/syntax-general-12.rq?z>]
