---
source: testsuite/tests/parser/mod.rs
expression: snapshot
---
Variant: Select
QuadPattern: triple_pattern=[<https://w3c.github.io/rdf-tests/sparql/sparql10/syntax-sparql2/a> <https://w3c.github.io/rdf-tests/sparql/sparql10/syntax-sparql2/b> <https://w3c.github.io/rdf-tests/sparql/sparql10/syntax-sparql2/c>]
