---
source: testsuite/tests/parser/mod.rs
expression: snapshot
---
Variant: Construct
Template:
  ?s <https://w3c.github.io/rdf-tests/sparql/sparql10/syntax-sparql2/p1> <https://w3c.github.io/rdf-tests/sparql/sparql10/syntax-sparql2/o>
  ?s <https://w3c.github.io/rdf-tests/sparql/sparql10/syntax-sparql2/p2> ?o
QuadPattern: triple_pattern=[?s ?p ?o]
