---
source: testsuite/tests/store_tests/parser/mod.rs
expression: snapshot
---
Variant: Select
Projection: a
  Filter: EBV(BOOLEAN_AS_TERM(EBV(ENC_TF(Struct({term_type:2,value:true,data_type:http://www.w3.org/2001/XMLSchema#boolean,language_tag:}))) AND EBV(ENC_TF(v))))
    QuadPattern: triple_pattern=[?a <http://example.org/ns#p> ?v]
