---
source: testsuite/tests/store_tests/parser/mod.rs
expression: snapshot
---
Variant: Select
Projection: mbox, name, nick
  SparqlJoin: Left 
    SparqlJoin: Left 
      QuadPattern: triple_pattern=[?x <http://xmlns.com/foaf/0.1/mbox> ?mbox]
      QuadPattern: triple_pattern=[?x <http://xmlns.com/foaf/0.1/name> ?name]
    QuadPattern: triple_pattern=[?x <http://xmlns.com/foaf/0.1/nick> ?nick]
