---
source: testsuite/tests/store_tests/parser/mod.rs
expression: snapshot
---
Variant: Select
Projection: s, v, z
  SparqlJoin: Inner 
    Extend: variable=?z, expression=Struct({term_type:2,value:4,data_type:http://www.w3.org/2001/XMLSchema#integer,language_tag:})
      EmptyRelation: rows=1
    Filter: EBV(EQ(ENC_TF(v), ENC_TF(Struct({term_type:,value:,data_type:,language_tag:}))))
      QuadPattern: triple_pattern=[?s <http://example.org/p> ?v]
