---
source: testsuite/tests/store_tests/parser/mod.rs
expression: snapshot
---
Variant: Select
Projection: ENC_PT(z) AS z
  Projection: z
    Extend: variable=?z, expression=ADD(ENC_TF(o), ENC_TF(Struct({term_type:2,value:10,data_type:http://www.w3.org/2001/XMLSchema#integer,language_tag:})))
      QuadPattern: triple_pattern=[?s ?p ?o]
