---
source: testsuite/tests/parser/mod.rs
expression: snapshot
---
Variant: Select
Projection: cx, div, def, err
  Extend: variable=?err, expression=COALESCE(Struct({term_type:,value:,data_type:,language_tag:}))
    Extend: variable=?def, expression=COALESCE(Struct({term_type:,value:,data_type:,language_tag:}), Struct({term_type:2,value:-3,data_type:http://www.w3.org/2001/XMLSchema#integer,language_tag:}))
      Extend: variable=?div, expression=COALESCE(ENC_PT(DIV(ENC_TF(o), ENC_TF(x))), Struct({term_type:2,value:-2,data_type:http://www.w3.org/2001/XMLSchema#integer,language_tag:}))
        Extend: variable=?cx, expression=COALESCE(x, Struct({term_type:2,value:-1,data_type:http://www.w3.org/2001/XMLSchema#integer,language_tag:}))
          SparqlJoin: Left 
            QuadPattern: triple_pattern=[?s <http://example.org/p> ?o]
            QuadPattern: triple_pattern=[?s <http://example.org/q> ?x]
