---
source: testsuite/tests/store_tests/parser/mod.rs
expression: snapshot
---
Variant: Select
Projection: P AS P, ENC_PT(C) AS C
  Projection: P, C
    Extend: variable=?C, expression=<guid>
      Filter: EBV(GT(<guid>, ENC_TF(Struct({term_type:2,value:2,data_type:http://www.w3.org/2001/XMLSchema#integer,language_tag:}))))
        Aggregate: groupBy=[[P AS P]], aggr=[[COUNT(Struct({term_type:2,value:1,data_type:http://www.w3.org/2001/XMLSchema#integer,language_tag:})) AS <guid>]]
          QuadPattern: triple_pattern=[?S ?P ?O]
