---
source: testsuite/tests/store_tests/parser/mod.rs
expression: snapshot
---
Variant: Select
Projection: w, S
  Extend: variable=?S, expression=<guid>
    Aggregate: groupBy=[[w AS w]], aggr=[[first_value(v) AS <guid>]]
      SparqlJoin: Left 
        QuadPattern: triple_pattern=[?s <http://example/p> ?v]
        QuadPattern: triple_pattern=[?s <http://example/q> ?w]
