---
source: testsuite/tests/store_tests/parser/mod.rs
expression: snapshot
---
Variant: Select
Projection: s AS s, ENC_PT(min) AS min
  Projection: s, min
    Extend: variable=?min, expression=<guid>
      Aggregate: groupBy=[[s AS s]], aggr=[[MIN(ENC_TF(o)) AS <guid>]]
        QuadPattern: triple_pattern=[?s ?p ?o]
