---
source: testsuite/tests/parser/mod.rs
expression: snapshot
---
Variant: Select
Projection: g, ENC_PT(avg) AS avg
  Aggregate: groupBy=[[g AS g]], aggr=[[AVG(IF(isNUMERIC(ENC_TF(p)), ENC_TF(p), ENC_TF(COALESCE(ENC_PT(xsd:double(ENC_TF(p))), Struct({term_type:2,value:0,data_type:http://www.w3.org/2001/XMLSchema#integer,language_tag:}))))) AS avg]]
    QuadPattern: triple_pattern=[?g <http://example.com/data/#p> ?p]
