---
source: testsuite/tests/store_tests/parser/mod.rs
expression: snapshot
---
Variant: Select
Projection: o, p, s
  Filter: EBV(BOOLEAN_AS_TERM(EBV(ENC_TF(Struct({term_type:2,value:true,data_type:http://www.w3.org/2001/XMLSchema#boolean,language_tag:}))) AND EBV(BOOLEAN_AS_TERM(NOT EXISTS (<subquery>)))))
    Subquery:
      Filter: outer_ref(o) = __inner__o AND outer_ref(p) = __inner__p AND outer_ref(s) = __inner__s
        Projection: s AS __inner__s, p AS __inner__p, o AS __inner__o
          QuadPattern: triple_pattern=[?s ?p ?o]
    QuadPattern: triple_pattern=[?s ?p ?o]
