---
source: testsuite/tests/store_tests/parser/mod.rs
expression: snapshot
---
Variant: Select
Projection: x, y
  Values: (Struct({term_type:2,value:1,data_type:http://www.w3.org/2001/XMLSchema#integer,language_tag:}), Struct({term_type:2,value:2,data_type:http://www.w3.org/2001/XMLSchema#integer,language_tag:}))
