---
source: testsuite/tests/store_tests/parser/mod.rs
expression: snapshot
---
Variant: Select
Projection: a AS a, v AS v, ENC_PT(string) AS string
  Projection: a, v, string
    Extend: variable=?string, expression=xsd:string(ENC_TF(v))
      QuadPattern: triple_pattern=[?a <http://example.org/p> ?v]
